tests/test_contract_onchain_opcodes.py::TestContractOnchainOpcodes::test_transfer_amount

Node is bootstrapped.
Estimated gas: 10994 units (will add 100 for safety)
Estimated storage: 297 bytes added (will add 20 for safety)
Operation successfully injected in the node.
Operation hash is '[BLOCK_HASH]'
NOT waiting for the operation to be included.
Use command
  mineplex-client wait for [BLOCK_HASH] to be included --confirmations 30 --branch [BLOCK_HASH]
and/or an external block explorer to make sure that it has been included.
This sequence of operations was run:
  Manager signed operations:
    From: [CONTRACT_HASH]
    Fee to the baker: ꜩ0.00138
    Expected counter: [EXPECTED_COUNTER]
    Gas limit: 11094
    Storage limit: 317 bytes
    Balance updates:
      [CONTRACT_HASH] ................ -ꜩ0.00138
      fees(the baker who will include this operation,0) ... +ꜩ0.00138
    Origination:
      From: [CONTRACT_HASH]
      Credit: ꜩ100
      Script:
        { parameter unit ;
          storage mutez ;
          code { DROP ; AMOUNT ; NIL operation ; PAIR } }
        Initial storage: 0
        No delegate for this contract
        This origination was successfully applied
        Originated contracts:
          [CONTRACT_HASH]
        Storage size: 40 bytes
        Paid storage size diff: 40 bytes
        Consumed gas: 10994
        Balance updates:
          [CONTRACT_HASH] ... -ꜩ0.04
          [CONTRACT_HASH] ... -ꜩ0.257
          [CONTRACT_HASH] ... -ꜩ100
          [CONTRACT_HASH] ... +ꜩ100

New contract [CONTRACT_HASH] originated.
Contract memorized as transfer_amount.
Injected block [BLOCK_HASH]
Node is bootstrapped.
Estimated gas: 11353 units (will add 100 for safety)
Estimated storage: 4 bytes added (will add 20 for safety)
Operation successfully injected in the node.
Operation hash is '[BLOCK_HASH]'
NOT waiting for the operation to be included.
Use command
  mineplex-client wait for [BLOCK_HASH] to be included --confirmations 30 --branch [BLOCK_HASH]
and/or an external block explorer to make sure that it has been included.
This sequence of operations was run:
  Manager signed operations:
    From: [CONTRACT_HASH]
    Fee to the baker: ꜩ0.001398
    Expected counter: [EXPECTED_COUNTER]
    Gas limit: 11453
    Storage limit: 24 bytes
    Balance updates:
      [CONTRACT_HASH] ................ -ꜩ0.001398
      fees(the baker who will include this operation,0) ... +ꜩ0.001398
    Transaction:
      Amount: ꜩ500
      From: [CONTRACT_HASH]
      To: [CONTRACT_HASH]
      This transaction was successfully applied
      Updated storage: 500000000
      Storage size: 44 bytes
      Paid storage size diff: 4 bytes
      Consumed gas: 11353
      Balance updates:
        [CONTRACT_HASH] ... -ꜩ0.004
        [CONTRACT_HASH] ... -ꜩ500
        [CONTRACT_HASH] ... +ꜩ500

Injected block [BLOCK_HASH]
500000000
