tests/test_contract_opcodes.py::TestContractOpcodes::test_contract_input_output[compare.tz-Unit-Unit-Unit]

storage
  Unit
emitted operations
  
big_map diff
  
trace
  - location: 6 (remaining gas: 1033494 units remaining)
    [ (Pair Unit Unit)  	 ]
  - location: 7 (remaining gas: 1033494 units remaining)
    [  ]
  - location: 8 (remaining gas: 1033494 units remaining)
    [ True  	 ]
  - location: 11 (remaining gas: 1033493 units remaining)
    [ True  	
      True  	 ]
  - location: 12 (remaining gas: 1033492 units remaining)
    [ 0  	 ]
  - location: 14 (remaining gas: 1033491 units remaining)
    [ True  	 ]
  - location: 16 (remaining gas: 1033491 units remaining)
    [  ]
  - location: -1 (remaining gas: 1033491 units remaining)
    [  ]
  - location: 21 (remaining gas: 1033490 units remaining)
    [ False  	 ]
  - location: 24 (remaining gas: 1033490 units remaining)
    [ False  	
      False  	 ]
  - location: 25 (remaining gas: 1033489 units remaining)
    [ 0  	 ]
  - location: 27 (remaining gas: 1033488 units remaining)
    [ True  	 ]
  - location: 29 (remaining gas: 1033487 units remaining)
    [  ]
  - location: -1 (remaining gas: 1033487 units remaining)
    [  ]
  - location: 34 (remaining gas: 1033487 units remaining)
    [ False  	 ]
  - location: 37 (remaining gas: 1033486 units remaining)
    [ True  	
      False  	 ]
  - location: 40 (remaining gas: 1033485 units remaining)
    [ 1  	 ]
  - location: 42 (remaining gas: 1033484 units remaining)
    [ True  	 ]
  - location: 44 (remaining gas: 1033484 units remaining)
    [  ]
  - location: -1 (remaining gas: 1033484 units remaining)
    [  ]
  - location: 49 (remaining gas: 1033483 units remaining)
    [ True  	 ]
  - location: 52 (remaining gas: 1033483 units remaining)
    [ False  	
      True  	 ]
  - location: 55 (remaining gas: 1033482 units remaining)
    [ -1  	 ]
  - location: 57 (remaining gas: 1033481 units remaining)
    [ True  	 ]
  - location: 59 (remaining gas: 1033480 units remaining)
    [  ]
  - location: -1 (remaining gas: 1033480 units remaining)
    [  ]
  - location: 64 (remaining gas: 1033480 units remaining)
    [ 0xaabbcc  	 ]
  - location: 67 (remaining gas: 1033479 units remaining)
    [ 0xaabbcc  	
      0xaabbcc  	 ]
  - location: 68 (remaining gas: 1033479 units remaining)
    [ 0  	 ]
  - location: 70 (remaining gas: 1033478 units remaining)
    [ True  	 ]
  - location: 72 (remaining gas: 1033477 units remaining)
    [  ]
  - location: -1 (remaining gas: 1033477 units remaining)
    [  ]
  - location: 77 (remaining gas: 1033476 units remaining)
    [ 0x  	 ]
  - location: 80 (remaining gas: 1033476 units remaining)
    [ 0x  	
      0x  	 ]
  - location: 83 (remaining gas: 1033475 units remaining)
    [ 0  	 ]
  - location: 85 (remaining gas: 1033474 units remaining)
    [ True  	 ]
  - location: 87 (remaining gas: 1033474 units remaining)
    [  ]
  - location: -1 (remaining gas: 1033473 units remaining)
    [  ]
  - location: 92 (remaining gas: 1033473 units remaining)
    [ 0x  	 ]
  - location: 95 (remaining gas: 1033472 units remaining)
    [ 0x01  	
      0x  	 ]
  - location: 98 (remaining gas: 1033472 units remaining)
    [ 1  	 ]
  - location: 100 (remaining gas: 1033471 units remaining)
    [ True  	 ]
  - location: 102 (remaining gas: 1033470 units remaining)
    [  ]
  - location: -1 (remaining gas: 1033470 units remaining)
    [  ]
  - location: 107 (remaining gas: 1033469 units remaining)
    [ 0x01  	 ]
  - location: 110 (remaining gas: 1033469 units remaining)
    [ 0x02  	
      0x01  	 ]
  - location: 113 (remaining gas: 1033468 units remaining)
    [ 1  	 ]
  - location: 115 (remaining gas: 1033467 units remaining)
    [ True  	 ]
  - location: 117 (remaining gas: 1033467 units remaining)
    [  ]
  - location: -1 (remaining gas: 1033467 units remaining)
    [  ]
  - location: 122 (remaining gas: 1033466 units remaining)
    [ 0x02  	 ]
  - location: 125 (remaining gas: 1033466 units remaining)
    [ 0x01  	
      0x02  	 ]
  - location: 128 (remaining gas: 1033465 units remaining)
    [ -1  	 ]
  - location: 130 (remaining gas: 1033464 units remaining)
    [ True  	 ]
  - location: 132 (remaining gas: 1033463 units remaining)
    [  ]
  - location: -1 (remaining gas: 1033463 units remaining)
    [  ]
  - location: 137 (remaining gas: 1033463 units remaining)
    [ 1  	 ]
  - location: 140 (remaining gas: 1033462 units remaining)
    [ 1  	
      1  	 ]
  - location: 141 (remaining gas: 1033461 units remaining)
    [ 0  	 ]
  - location: 143 (remaining gas: 1033460 units remaining)
    [ True  	 ]
  - location: 145 (remaining gas: 1033459 units remaining)
    [  ]
  - location: -1 (remaining gas: 1033459 units remaining)
    [  ]
  - location: 150 (remaining gas: 1033459 units remaining)
    [ 10  	 ]
  - location: 153 (remaining gas: 1033458 units remaining)
    [ 5  	
      10  	 ]
  - location: 156 (remaining gas: 1033457 units remaining)
    [ -1  	 ]
  - location: 158 (remaining gas: 1033456 units remaining)
    [ True  	 ]
  - location: 160 (remaining gas: 1033456 units remaining)
    [  ]
  - location: -1 (remaining gas: 1033456 units remaining)
    [  ]
  - location: 165 (remaining gas: 1033455 units remaining)
    [ -4  	 ]
  - location: 168 (remaining gas: 1033455 units remaining)
    [ 1923  	
      -4  	 ]
  - location: 171 (remaining gas: 1033454 units remaining)
    [ 1  	 ]
  - location: 173 (remaining gas: 1033453 units remaining)
    [ True  	 ]
  - location: 175 (remaining gas: 1033452 units remaining)
    [  ]
  - location: -1 (remaining gas: 1033452 units remaining)
    [  ]
  - location: 180 (remaining gas: 1033451 units remaining)
    [ 1  	 ]
  - location: 183 (remaining gas: 1033451 units remaining)
    [ 1  	
      1  	 ]
  - location: 184 (remaining gas: 1033450 units remaining)
    [ 0  	 ]
  - location: 186 (remaining gas: 1033449 units remaining)
    [ True  	 ]
  - location: 188 (remaining gas: 1033448 units remaining)
    [  ]
  - location: -1 (remaining gas: 1033448 units remaining)
    [  ]
  - location: 193 (remaining gas: 1033448 units remaining)
    [ 10  	 ]
  - location: 196 (remaining gas: 1033447 units remaining)
    [ 5  	
      10  	 ]
  - location: 199 (remaining gas: 1033446 units remaining)
    [ -1  	 ]
  - location: 201 (remaining gas: 1033445 units remaining)
    [ True  	 ]
  - location: 203 (remaining gas: 1033444 units remaining)
    [  ]
  - location: -1 (remaining gas: 1033444 units remaining)
    [  ]
  - location: 208 (remaining gas: 1033444 units remaining)
    [ 4  	 ]
  - location: 211 (remaining gas: 1033443 units remaining)
    [ 1923  	
      4  	 ]
  - location: 214 (remaining gas: 1033442 units remaining)
    [ 1  	 ]
  - location: 216 (remaining gas: 1033441 units remaining)
    [ True  	 ]
  - location: 218 (remaining gas: 1033441 units remaining)
    [  ]
  - location: -1 (remaining gas: 1033440 units remaining)
    [  ]
  - location: 223 (remaining gas: 1033440 units remaining)
    [ "mp1KqTpEZ7Yob7QbPE4Hy4Wo8fHG8LhKxZSx"  	 ]
  - location: 226 (remaining gas: 1033440 units remaining)
    [ "mp1KqTpEZ7Yob7QbPE4Hy4Wo8fHG8LhKxZSx"  	
      "mp1KqTpEZ7Yob7QbPE4Hy4Wo8fHG8LhKxZSx"  	 ]
  - location: 227 (remaining gas: 1033438 units remaining)
    [ 0  	 ]
  - location: 229 (remaining gas: 1033437 units remaining)
    [ True  	 ]
  - location: 231 (remaining gas: 1033436 units remaining)
    [  ]
  - location: -1 (remaining gas: 1033436 units remaining)
    [  ]
  - location: 236 (remaining gas: 1033436 units remaining)
    [ "mp1ddb9NMYHZi5UzPdzTZMYQQZoMub195zgv"  	 ]
  - location: 239 (remaining gas: 1033435 units remaining)
    [ "mp1KqTpEZ7Yob7QbPE4Hy4Wo8fHG8LhKxZSx"  	
      "mp1ddb9NMYHZi5UzPdzTZMYQQZoMub195zgv"  	 ]
  - location: 242 (remaining gas: 1033433 units remaining)
    [ -1  	 ]
  - location: 244 (remaining gas: 1033432 units remaining)
    [ True  	 ]
  - location: 246 (remaining gas: 1033432 units remaining)
    [  ]
  - location: -1 (remaining gas: 1033432 units remaining)
    [  ]
  - location: 251 (remaining gas: 1033431 units remaining)
    [ "mp1KqTpEZ7Yob7QbPE4Hy4Wo8fHG8LhKxZSx"  	 ]
  - location: 254 (remaining gas: 1033431 units remaining)
    [ "mp1ddb9NMYHZi5UzPdzTZMYQQZoMub195zgv"  	
      "mp1KqTpEZ7Yob7QbPE4Hy4Wo8fHG8LhKxZSx"  	 ]
  - location: 257 (remaining gas: 1033429 units remaining)
    [ 1  	 ]
  - location: 259 (remaining gas: 1033428 units remaining)
    [ True  	 ]
  - location: 261 (remaining gas: 1033427 units remaining)
    [  ]
  - location: -1 (remaining gas: 1033427 units remaining)
    [  ]
  - location: 266 (remaining gas: 1033427 units remaining)
    [ 1  	 ]
  - location: 269 (remaining gas: 1033426 units remaining)
    [ 1  	
      1  	 ]
  - location: 270 (remaining gas: 1033426 units remaining)
    [ 0  	 ]
  - location: 272 (remaining gas: 1033425 units remaining)
    [ True  	 ]
  - location: 274 (remaining gas: 1033424 units remaining)
    [  ]
  - location: -1 (remaining gas: 1033424 units remaining)
    [  ]
  - location: 279 (remaining gas: 1033423 units remaining)
    [ 10  	 ]
  - location: 282 (remaining gas: 1033423 units remaining)
    [ 5  	
      10  	 ]
  - location: 285 (remaining gas: 1033422 units remaining)
    [ -1  	 ]
  - location: 287 (remaining gas: 1033421 units remaining)
    [ True  	 ]
  - location: 289 (remaining gas: 1033421 units remaining)
    [  ]
  - location: -1 (remaining gas: 1033420 units remaining)
    [  ]
  - location: 294 (remaining gas: 1033420 units remaining)
    [ 4  	 ]
  - location: 297 (remaining gas: 1033419 units remaining)
    [ 1923  	
      4  	 ]
  - location: 300 (remaining gas: 1033419 units remaining)
    [ 1  	 ]
  - location: 302 (remaining gas: 1033418 units remaining)
    [ True  	 ]
  - location: 304 (remaining gas: 1033417 units remaining)
    [  ]
  - location: -1 (remaining gas: 1033417 units remaining)
    [  ]
  - location: 309 (remaining gas: 1033416 units remaining)
    [ "AABBCC"  	 ]
  - location: 312 (remaining gas: 1033416 units remaining)
    [ "AABBCC"  	
      "AABBCC"  	 ]
  - location: 313 (remaining gas: 1033415 units remaining)
    [ 0  	 ]
  - location: 315 (remaining gas: 1033414 units remaining)
    [ True  	 ]
  - location: 317 (remaining gas: 1033414 units remaining)
    [  ]
  - location: -1 (remaining gas: 1033414 units remaining)
    [  ]
  - location: 322 (remaining gas: 1033413 units remaining)
    [ ""  	 ]
  - location: 325 (remaining gas: 1033413 units remaining)
    [ ""  	
      ""  	 ]
  - location: 328 (remaining gas: 1033412 units remaining)
    [ 0  	 ]
  - location: 330 (remaining gas: 1033411 units remaining)
    [ True  	 ]
  - location: 332 (remaining gas: 1033410 units remaining)
    [  ]
  - location: -1 (remaining gas: 1033410 units remaining)
    [  ]
  - location: 337 (remaining gas: 1033410 units remaining)
    [ ""  	 ]
  - location: 340 (remaining gas: 1033409 units remaining)
    [ "a"  	
      ""  	 ]
  - location: 343 (remaining gas: 1033408 units remaining)
    [ 1  	 ]
  - location: 345 (remaining gas: 1033407 units remaining)
    [ True  	 ]
  - location: 347 (remaining gas: 1033407 units remaining)
    [  ]
  - location: -1 (remaining gas: 1033407 units remaining)
    [  ]
  - location: 352 (remaining gas: 1033406 units remaining)
    [ "a"  	 ]
  - location: 355 (remaining gas: 1033406 units remaining)
    [ "b"  	
      "a"  	 ]
  - location: 358 (remaining gas: 1033405 units remaining)
    [ 1  	 ]
  - location: 360 (remaining gas: 1033404 units remaining)
    [ True  	 ]
  - location: 362 (remaining gas: 1033403 units remaining)
    [  ]
  - location: -1 (remaining gas: 1033403 units remaining)
    [  ]
  - location: 367 (remaining gas: 1033403 units remaining)
    [ "b"  	 ]
  - location: 370 (remaining gas: 1033402 units remaining)
    [ "a"  	
      "b"  	 ]
  - location: 373 (remaining gas: 1033401 units remaining)
    [ -1  	 ]
  - location: 375 (remaining gas: 1033401 units remaining)
    [ True  	 ]
  - location: 377 (remaining gas: 1033400 units remaining)
    [  ]
  - location: -1 (remaining gas: 1033400 units remaining)
    [  ]
  - location: 382 (remaining gas: 1033399 units remaining)
    [ "2019-09-16T08:38:05Z"  	 ]
  - location: 385 (remaining gas: 1033399 units remaining)
    [ "2019-09-16T08:38:05Z"  	
      "2019-09-16T08:38:05Z"  	 ]
  - location: 386 (remaining gas: 1033398 units remaining)
    [ 0  	 ]
  - location: 388 (remaining gas: 1033397 units remaining)
    [ True  	 ]
  - location: 390 (remaining gas: 1033396 units remaining)
    [  ]
  - location: -1 (remaining gas: 1033396 units remaining)
    [  ]
  - location: 395 (remaining gas: 1033396 units remaining)
    [ "2017-09-16T08:38:04Z"  	 ]
  - location: 398 (remaining gas: 1033395 units remaining)
    [ "2019-09-16T08:38:05Z"  	
      "2017-09-16T08:38:04Z"  	 ]
  - location: 401 (remaining gas: 1033394 units remaining)
    [ 1  	 ]
  - location: 403 (remaining gas: 1033393 units remaining)
    [ True  	 ]
  - location: 405 (remaining gas: 1033392 units remaining)
    [  ]
  - location: -1 (remaining gas: 1033392 units remaining)
    [  ]
  - location: 410 (remaining gas: 1033392 units remaining)
    [ "2019-09-16T08:38:05Z"  	 ]
  - location: 413 (remaining gas: 1033391 units remaining)
    [ "2019-09-16T08:38:04Z"  	
      "2019-09-16T08:38:05Z"  	 ]
  - location: 416 (remaining gas: 1033390 units remaining)
    [ -1  	 ]
  - location: 418 (remaining gas: 1033389 units remaining)
    [ True  	 ]
  - location: 420 (remaining gas: 1033389 units remaining)
    [  ]
  - location: -1 (remaining gas: 1033388 units remaining)
    [  ]
  - location: 425 (remaining gas: 1033388 units remaining)
    [ Unit  	 ]
  - location: 426 (remaining gas: 1033388 units remaining)
    [ {}  	
      Unit  	 ]
  - location: 428 (remaining gas: 1033387 units remaining)
    [ (Pair {} Unit)  	 ]
  - location: -1 (remaining gas: 1033387 units remaining)
    [ (Pair {} Unit)  	 ]

