tests/test_contract_opcodes.py::TestContractOpcodes::test_contract_input_output[address.tz-None-"mp1cxcwwnzENRdhe2Kb8ZdTrdNy4bFNyScx5"-(Some "mp1cxcwwnzENRdhe2Kb8ZdTrdNy4bFNyScx5")]

storage
  (Some "mp1cxcwwnzENRdhe2Kb8ZdTrdNy4bFNyScx5")
emitted operations
  
big_map diff
  
trace
  - location: 8 (remaining gas: 1039591 units remaining)
    [ (Pair "mp1cxcwwnzENRdhe2Kb8ZdTrdNy4bFNyScx5" None)  	 ]
  - location: 9 (remaining gas: 1039591 units remaining)
    [ "mp1cxcwwnzENRdhe2Kb8ZdTrdNy4bFNyScx5"  	@parameter ]
  - location: 10 (remaining gas: 1039591 units remaining)
    [ "mp1cxcwwnzENRdhe2Kb8ZdTrdNy4bFNyScx5"  	@parameter.address ]
  - location: 11 (remaining gas: 1039590 units remaining)
    [ (Some "mp1cxcwwnzENRdhe2Kb8ZdTrdNy4bFNyScx5")  	 ]
  - location: 12 (remaining gas: 1039590 units remaining)
    [ {}  	
      (Some "mp1cxcwwnzENRdhe2Kb8ZdTrdNy4bFNyScx5")  	 ]
  - location: 14 (remaining gas: 1039589 units remaining)
    [ (Pair {} (Some "mp1cxcwwnzENRdhe2Kb8ZdTrdNy4bFNyScx5"))  	 ]
  - location: -1 (remaining gas: 1039589 units remaining)
    [ (Pair {} (Some "mp1cxcwwnzENRdhe2Kb8ZdTrdNy4bFNyScx5"))  	 ]

