tests/test_contract_onchain_opcodes.py::TestContractOnchainOpcodes::test_split_bytes

Node is bootstrapped.
Estimated gas: 18309 units (will add 100 for safety)
Estimated storage: 574 bytes added (will add 20 for safety)
Operation successfully injected in the node.
Operation hash is '[BLOCK_HASH]'
NOT waiting for the operation to be included.
Use command
  mineplex-client wait for [BLOCK_HASH] to be included --confirmations 30 --branch [BLOCK_HASH]
and/or an external block explorer to make sure that it has been included.
This sequence of operations was run:
  Manager signed operations:
    From: [CONTRACT_HASH]
    Fee to the baker: ꜩ0.00239
    Expected counter: [EXPECTED_COUNTER]
    Gas limit: 18409
    Storage limit: 594 bytes
    Balance updates:
      [CONTRACT_HASH] ................ -ꜩ0.00239
      fees(the baker who will include this operation,3) ... +ꜩ0.00239
    Origination:
      From: [CONTRACT_HASH]
      Credit: ꜩ1000
      Script:
        { parameter bytes ;
          storage (list bytes) ;
          code { UNPAIR ;
                 DIP { NIL bytes ; SWAP ; ITER { CONS } } ;
                 DUP ;
                 SIZE ;
                 PUSH nat 0 ;
                 CMPNEQ ;
                 DIP { PUSH @index nat 0 } ;
                 LOOP { PAIR ;
                        DUP ;
                        DIP { UNPAIR ; DIP { PUSH nat 1 } ; SLICE ; ASSERT_SOME ; CONS @storage } ;
                        UNPAIR ;
                        PUSH nat 1 ;
                        ADD @index ;
                        DUP ;
                        DIP { DIP { DUP } ; SWAP ; SIZE ; CMPNEQ } ;
                        SWAP } ;
                 DROP ;
                 DROP ;
                 NIL bytes ;
                 SWAP ;
                 ITER { CONS } ;
                 NIL operation ;
                 PAIR } }
        Initial storage: {}
        No delegate for this contract
        This origination was successfully applied
        Originated contracts:
          [CONTRACT_HASH]
        Storage size: 317 bytes
        Paid storage size diff: 317 bytes
        Consumed gas: 18309
        Balance updates:
          [CONTRACT_HASH] ... -ꜩ0.317
          [CONTRACT_HASH] ... -ꜩ0.257
          [CONTRACT_HASH] ... -ꜩ1000
          [CONTRACT_HASH] ... +ꜩ1000

New contract [CONTRACT_HASH] originated.
Contract memorized as split_bytes.
Injected block [BLOCK_HASH]
Node is bootstrapped.
Estimated gas: 17873 units (will add 100 for safety)
Estimated storage: 18 bytes added (will add 20 for safety)
Operation successfully injected in the node.
Operation hash is '[BLOCK_HASH]'
NOT waiting for the operation to be included.
Use command
  mineplex-client wait for [BLOCK_HASH] to be included --confirmations 30 --branch [BLOCK_HASH]
and/or an external block explorer to make sure that it has been included.
This sequence of operations was run:
  Manager signed operations:
    From: [CONTRACT_HASH]
    Fee to the baker: ꜩ0.00206
    Expected counter: [EXPECTED_COUNTER]
    Gas limit: 17973
    Storage limit: 38 bytes
    Balance updates:
      [CONTRACT_HASH] ................ -ꜩ0.00206
      fees(the baker who will include this operation,4) ... +ꜩ0.00206
    Transaction:
      Amount: ꜩ0
      From: [CONTRACT_HASH]
      To: [CONTRACT_HASH]
      Parameter: 0xaabbcc
      This transaction was successfully applied
      Updated storage: { 0xaa ; 0xbb ; 0xcc }
      Storage size: 335 bytes
      Paid storage size diff: 18 bytes
      Consumed gas: 17873
      Balance updates:
        [CONTRACT_HASH] ... -ꜩ0.018

Injected block [BLOCK_HASH]
{ 0xaa ; 0xbb ; 0xcc }
Node is bootstrapped.
Estimated gas: 18626 units (will add 100 for safety)
Estimated storage: 18 bytes added (will add 20 for safety)
Operation successfully injected in the node.
Operation hash is '[BLOCK_HASH]'
NOT waiting for the operation to be included.
Use command
  mineplex-client wait for [BLOCK_HASH] to be included --confirmations 30 --branch [BLOCK_HASH]
and/or an external block explorer to make sure that it has been included.
This sequence of operations was run:
  Manager signed operations:
    From: [CONTRACT_HASH]
    Fee to the baker: ꜩ0.002135
    Expected counter: [EXPECTED_COUNTER]
    Gas limit: 18726
    Storage limit: 38 bytes
    Balance updates:
      [CONTRACT_HASH] ................ -ꜩ0.002135
      fees(the baker who will include this operation,4) ... +ꜩ0.002135
    Transaction:
      Amount: ꜩ0
      From: [CONTRACT_HASH]
      To: [CONTRACT_HASH]
      Parameter: 0xddeeff
      This transaction was successfully applied
      Updated storage: { 0xaa ; 0xbb ; 0xcc ; 0xdd ; 0xee ; 0xff }
      Storage size: 353 bytes
      Paid storage size diff: 18 bytes
      Consumed gas: 18626
      Balance updates:
        [CONTRACT_HASH] ... -ꜩ0.018

Injected block [BLOCK_HASH]
{ 0xaa ; 0xbb ; 0xcc ; 0xdd ; 0xee ; 0xff }
