tests/test_contract_onchain_opcodes.py::TestContractOnchainOpcodes::test_split_string

Node is bootstrapped.
Estimated gas: 18309 units (will add 100 for safety)
Estimated storage: 574 bytes added (will add 20 for safety)
Operation successfully injected in the node.
Operation hash is '[BLOCK_HASH]'
NOT waiting for the operation to be included.
Use command
  mineplex-client wait for [BLOCK_HASH] to be included --confirmations 30 --branch [BLOCK_HASH]
and/or an external block explorer to make sure that it has been included.
This sequence of operations was run:
  Manager signed operations:
    From: [CONTRACT_HASH]
    Fee to the baker: ꜩ0.00239
    Expected counter: [EXPECTED_COUNTER]
    Gas limit: 18409
    Storage limit: 594 bytes
    Balance updates:
      [CONTRACT_HASH] ................ -ꜩ0.00239
      fees(the baker who will include this operation,3) ... +ꜩ0.00239
    Origination:
      From: [CONTRACT_HASH]
      Credit: ꜩ1000
      Script:
        { parameter string ;
          storage (list string) ;
          code { UNPAIR ;
                 DIP { NIL string ; SWAP ; ITER { CONS } } ;
                 DUP ;
                 SIZE ;
                 PUSH nat 0 ;
                 CMPNEQ ;
                 DIP { PUSH @index nat 0 } ;
                 LOOP { PAIR ;
                        DUP ;
                        DIP { UNPAIR ; DIP { PUSH nat 1 } ; SLICE ; ASSERT_SOME ; CONS @storage } ;
                        UNPAIR ;
                        PUSH nat 1 ;
                        ADD @index ;
                        DUP ;
                        DIP { DIP { DUP } ; SWAP ; SIZE ; CMPNEQ } ;
                        SWAP } ;
                 DROP ;
                 DROP ;
                 NIL string ;
                 SWAP ;
                 ITER { CONS } ;
                 NIL operation ;
                 PAIR } }
        Initial storage: {}
        No delegate for this contract
        This origination was successfully applied
        Originated contracts:
          [CONTRACT_HASH]
        Storage size: 317 bytes
        Paid storage size diff: 317 bytes
        Consumed gas: 18309
        Balance updates:
          [CONTRACT_HASH] ... -ꜩ0.317
          [CONTRACT_HASH] ... -ꜩ0.257
          [CONTRACT_HASH] ... -ꜩ1000
          [CONTRACT_HASH] ... +ꜩ1000

New contract [CONTRACT_HASH] originated.
Contract memorized as split_string.
Injected block [BLOCK_HASH]
Node is bootstrapped.
Estimated gas: 17762 units (will add 100 for safety)
Estimated storage: 18 bytes added (will add 20 for safety)
Operation successfully injected in the node.
Operation hash is '[BLOCK_HASH]'
NOT waiting for the operation to be included.
Use command
  mineplex-client wait for [BLOCK_HASH] to be included --confirmations 30 --branch [BLOCK_HASH]
and/or an external block explorer to make sure that it has been included.
This sequence of operations was run:
  Manager signed operations:
    From: [CONTRACT_HASH]
    Fee to the baker: ꜩ0.002049
    Expected counter: [EXPECTED_COUNTER]
    Gas limit: 17862
    Storage limit: 38 bytes
    Balance updates:
      [CONTRACT_HASH] ................ -ꜩ0.002049
      fees(the baker who will include this operation,3) ... +ꜩ0.002049
    Transaction:
      Amount: ꜩ0
      From: [CONTRACT_HASH]
      To: [CONTRACT_HASH]
      Parameter: "abc"
      This transaction was successfully applied
      Updated storage: { "a" ; "b" ; "c" }
      Storage size: 335 bytes
      Paid storage size diff: 18 bytes
      Consumed gas: 17762
      Balance updates:
        [CONTRACT_HASH] ... -ꜩ0.018

Injected block [BLOCK_HASH]
{ "a" ; "b" ; "c" }
Node is bootstrapped.
Estimated gas: 18350 units (will add 100 for safety)
Estimated storage: 18 bytes added (will add 20 for safety)
Operation successfully injected in the node.
Operation hash is '[BLOCK_HASH]'
NOT waiting for the operation to be included.
Use command
  mineplex-client wait for [BLOCK_HASH] to be included --confirmations 30 --branch [BLOCK_HASH]
and/or an external block explorer to make sure that it has been included.
This sequence of operations was run:
  Manager signed operations:
    From: [CONTRACT_HASH]
    Fee to the baker: ꜩ0.002107
    Expected counter: [EXPECTED_COUNTER]
    Gas limit: 18450
    Storage limit: 38 bytes
    Balance updates:
      [CONTRACT_HASH] ................ -ꜩ0.002107
      fees(the baker who will include this operation,3) ... +ꜩ0.002107
    Transaction:
      Amount: ꜩ0
      From: [CONTRACT_HASH]
      To: [CONTRACT_HASH]
      Parameter: "def"
      This transaction was successfully applied
      Updated storage: { "a" ; "b" ; "c" ; "d" ; "e" ; "f" }
      Storage size: 353 bytes
      Paid storage size diff: 18 bytes
      Consumed gas: 18350
      Balance updates:
        [CONTRACT_HASH] ... -ꜩ0.018

Injected block [BLOCK_HASH]
{ "a" ; "b" ; "c" ; "d" ; "e" ; "f" }
