tests/test_contract_onchain_opcodes.py::TestContractOnchainOpcodes::test_source

Node is bootstrapped.
Estimated gas: 11388 units (will add 100 for safety)
Estimated storage: 322 bytes added (will add 20 for safety)
Operation successfully injected in the node.
Operation hash is '[BLOCK_HASH]'
NOT waiting for the operation to be included.
Use command
  mineplex-client wait for [BLOCK_HASH] to be included --confirmations 30 --branch [BLOCK_HASH]
and/or an external block explorer to make sure that it has been included.
This sequence of operations was run:
  Manager signed operations:
    From: [CONTRACT_HASH]
    Fee to the baker: ꜩ0.001459
    Expected counter: [EXPECTED_COUNTER]
    Gas limit: 11488
    Storage limit: 342 bytes
    Balance updates:
      [CONTRACT_HASH] ................ -ꜩ0.001459
      fees(the baker who will include this operation,2) ... +ꜩ0.001459
    Origination:
      From: [CONTRACT_HASH]
      Credit: ꜩ1000
      Script:
        { parameter unit ;
          storage address ;
          code { DROP ; SOURCE ; NIL operation ; PAIR } }
        Initial storage: "[CONTRACT_HASH]"
        No delegate for this contract
        This origination was successfully applied
        Originated contracts:
          [CONTRACT_HASH]
        Storage size: 65 bytes
        Paid storage size diff: 65 bytes
        Consumed gas: 11388
        Balance updates:
          [CONTRACT_HASH] ... -ꜩ0.065
          [CONTRACT_HASH] ... -ꜩ0.257
          [CONTRACT_HASH] ... -ꜩ1000
          [CONTRACT_HASH] ... +ꜩ1000

New contract [CONTRACT_HASH] originated.
Contract memorized as source.
Injected block [BLOCK_HASH]
Node is bootstrapped.
Estimated gas: 12060 units (will add 100 for safety)
Estimated storage: no bytes added
Operation successfully injected in the node.
Operation hash is '[BLOCK_HASH]'
NOT waiting for the operation to be included.
Use command
  mineplex-client wait for [BLOCK_HASH] to be included --confirmations 30 --branch [BLOCK_HASH]
and/or an external block explorer to make sure that it has been included.
This sequence of operations was run:
  Manager signed operations:
    From: [CONTRACT_HASH]
    Fee to the baker: ꜩ0.001464
    Expected counter: [EXPECTED_COUNTER]
    Gas limit: 12160
    Storage limit: 0 bytes
    Balance updates:
      [CONTRACT_HASH] ................ -ꜩ0.001464
      fees(the baker who will include this operation,2) ... +ꜩ0.001464
    Transaction:
      Amount: ꜩ0
      From: [CONTRACT_HASH]
      To: [CONTRACT_HASH]
      This transaction was successfully applied
      Updated storage: 0x0000e7670f32038107a59a2b9cfefae36ea21f5aa63c
      Storage size: 65 bytes
      Consumed gas: 12060

Injected block [BLOCK_HASH]
"[CONTRACT_HASH]"
[CONTRACT_HASH]

Node is bootstrapped.
Estimated gas: 25078 units (will add 100 for safety)
Estimated storage: no bytes added
Operation successfully injected in the node.
Operation hash is '[BLOCK_HASH]'
NOT waiting for the operation to be included.
Use command
  mineplex-client wait for [BLOCK_HASH] to be included --confirmations 30 --branch [BLOCK_HASH]
and/or an external block explorer to make sure that it has been included.
This sequence of operations was run:
  Manager signed operations:
    From: [CONTRACT_HASH]
    Fee to the baker: ꜩ0.002813
    Expected counter: [EXPECTED_COUNTER]
    Gas limit: 25178
    Storage limit: 0 bytes
    Balance updates:
      [CONTRACT_HASH] ................ -ꜩ0.002813
      fees(the baker who will include this operation,2) ... +ꜩ0.002813
    Transaction:
      Amount: ꜩ0
      From: [CONTRACT_HASH]
      To: [CONTRACT_HASH]
      Parameter: "[CONTRACT_HASH]"
      This transaction was successfully applied
      Updated storage: Unit
      Storage size: 76 bytes
      Consumed gas: 13018
    Internal operations:
      Transaction:
        Amount: ꜩ0
        From: [CONTRACT_HASH]
        To: [CONTRACT_HASH]
        This transaction was successfully applied
        Updated storage: 0x0000e7670f32038107a59a2b9cfefae36ea21f5aa63c
        Storage size: 65 bytes
        Consumed gas: 12060

Injected block [BLOCK_HASH]
"[CONTRACT_HASH]"
