tests/test_contract_opcodes.py::TestContractOpcodes::test_contract_input_output[contract.tz-Unit-"mp1cxcwwnzENRdhe2Kb8ZdTrdNy4bFNyScx5"-Unit]

storage
  Unit
emitted operations
  
big_map diff
  
trace
  - location: 6 (remaining gas: 1039680 units remaining)
    [ (Pair "mp1cxcwwnzENRdhe2Kb8ZdTrdNy4bFNyScx5" Unit)  	 ]
  - location: 7 (remaining gas: 1039680 units remaining)
    [ "mp1cxcwwnzENRdhe2Kb8ZdTrdNy4bFNyScx5"  	@parameter ]
  - location: 8 (remaining gas: 1029648 units remaining)
    [ (Some "mp1cxcwwnzENRdhe2Kb8ZdTrdNy4bFNyScx5")  	@parameter.contract ]
  - location: 16 (remaining gas: 1029647 units remaining)
    [ "mp1cxcwwnzENRdhe2Kb8ZdTrdNy4bFNyScx5"  	@parameter.contract.some ]
  - location: 10 (remaining gas: 1029647 units remaining)
    [ "mp1cxcwwnzENRdhe2Kb8ZdTrdNy4bFNyScx5"  	@parameter.contract.some ]
  - location: 17 (remaining gas: 1029646 units remaining)
    [  ]
  - location: 18 (remaining gas: 1029646 units remaining)
    [ Unit  	 ]
  - location: 19 (remaining gas: 1029645 units remaining)
    [ {}  	
      Unit  	 ]
  - location: 21 (remaining gas: 1029645 units remaining)
    [ (Pair {} Unit)  	 ]
  - location: -1 (remaining gas: 1029645 units remaining)
    [ (Pair {} Unit)  	 ]

